../Core/Src/lcd_handler.c:15:12:Initialize_LCD_Handler	16	static
../Core/Src/lcd_handler.c:20:12:Put_Cursor	16	static
../Core/Src/lcd_handler.c:33:12:Print_String	24	static
../Core/Src/lcd_handler.c:47:12:Print_String_At_Pos	16	static
../Core/Src/lcd_handler.c:52:12:Print_Whole_Position	40	static
../Core/Src/lcd_handler.c:65:19:begin_transmission	16	static
../Core/Src/lcd_handler.c:80:9:is_transmission_going	4	static
../Core/Src/lcd_handler.c:84:6:stop_transmission	4	static
../Core/Src/lcd_handler.c:88:6:increase_tail_pointer	24	static
../Core/Src/lcd_handler.c:103:12:copy_buffer_to_queue	24	static
../Core/Src/lcd_handler.c:127:9:has_queue_space	16	static
../Core/Src/lcd_handler.c:140:12:add_command_to_queue	24	static
../Core/Src/lcd_handler.c:158:12:add_data_to_queue	24	static
../Core/Src/lcd_handler.c:173:12:lcd_send_cmd	32	static
../Core/Src/lcd_handler.c:195:19:send_one_byte	16	static
../Core/Src/lcd_handler.c:207:6:lcd_i2c_transmit_callback	16	static
../Core/Src/lcd_handler.c:222:6:lcd_i2c_receive_callback	16	static
../Core/Src/lcd_handler.c:224:12:lcd_init	16	static
