../Core/Src/lcd_handler.c:22:12:Initialize_LCD_Handler	16	static
../Core/Src/lcd_handler.c:33:12:Put_Cursor	16	static
../Core/Src/lcd_handler.c:52:12:Print_String	24	static
../Core/Src/lcd_handler.c:74:12:Print_String_At_Pos	16	static
../Core/Src/lcd_handler.c:87:12:Print_Whole_Position	64	static
../Core/Src/lcd_handler.c:123:19:_begin_transmission	16	static
../Core/Src/lcd_handler.c:143:9:_is_transmission_going	4	static
../Core/Src/lcd_handler.c:150:6:_stop_transmission	4	static
../Core/Src/lcd_handler.c:158:6:_increase_tail_pointer	24	static
../Core/Src/lcd_handler.c:178:12:_copy_buffer_to_queue	24	static
../Core/Src/lcd_handler.c:207:9:_has_queue_space	16	static
../Core/Src/lcd_handler.c:225:12:_add_command_to_queue	24	static
../Core/Src/lcd_handler.c:248:12:_add_data_to_queue	24	static
../Core/Src/lcd_handler.c:268:12:_lcd_send_cmd	32	static
../Core/Src/lcd_handler.c:293:19:_send_one_byte	16	static
../Core/Src/lcd_handler.c:311:19:_lcd_i2c_transmit_it_callback	16	static
../Core/Src/lcd_handler.c:327:19:_lcd_i2c_receive_it_callback	16	static
../Core/Src/lcd_handler.c:335:12:_lcd_init	16	static
