../Core/Src/lcd_handler.c:9:12:Initialize_LCD_Handler	16	static
../Core/Src/lcd_handler.c:14:12:Put_Cursor	16	static
../Core/Src/lcd_handler.c:27:12:Print_String	24	static
../Core/Src/lcd_handler.c:41:12:Print_String_At_Pos	16	static
../Core/Src/lcd_handler.c:45:12:Print_Whole_Position	24	static
../Core/Src/lcd_handler.c:50:19:begin_transmission	16	static
../Core/Src/lcd_handler.c:65:9:is_transmission_going	4	static
../Core/Src/lcd_handler.c:69:6:stop_transmission	4	static
../Core/Src/lcd_handler.c:73:6:increase_tail_pointer	24	static
../Core/Src/lcd_handler.c:88:12:copy_buffer_to_queue	24	static
../Core/Src/lcd_handler.c:112:9:has_queue_space	16	static
../Core/Src/lcd_handler.c:125:12:add_command_to_queue	24	static
../Core/Src/lcd_handler.c:143:12:add_data_to_queue	24	static
../Core/Src/lcd_handler.c:158:12:lcd_send_cmd	32	static
../Core/Src/lcd_handler.c:180:19:send_one_byte	16	static
../Core/Src/lcd_handler.c:192:6:lcd_i2c_transmit_callback	16	static
../Core/Src/lcd_handler.c:207:6:lcd_i2c_receive_callback	16	static
../Core/Src/lcd_handler.c:209:12:lcd_init	16	static
