../Core/Src/main.c:73:5:main	8	static
../Core/Src/main.c:127:6:SystemClock_Config	96	static
../Core/Src/main.c:177:13:MX_I2C2_Init	8	static
../Core/Src/main.c:225:13:MX_UART4_Init	8	static
../Core/Src/main.c:260:13:MX_USART2_UART_Init	8	static
../Core/Src/main.c:293:13:MX_DMA_Init	16	static
../Core/Src/main.c:311:13:MX_GPIO_Init	48	static
../Core/Src/main.c:344:6:HAL_UART_RxCpltCallback	32	static
../Core/Src/main.c:356:6:HAL_I2C_MasterRxCpltCallback	16	static
../Core/Src/main.c:361:6:HAL_I2C_MasterTxCpltCallback	24	static
../Core/Src/main.c:373:6:Error_Handler	4	static,ignoring_inline_asm
